Plagiarism is the practice of taking someone else's work or ideas and passing them off as one's own. It is the misrepresentation of the work of another as your own.