It is academic theft; a serious infraction of a University honor code, and the latter is your responsibility to uphold. Instances of plagiarism or any other cheating will be reported to the university leadership, and will have serious consequences.