&lt;!DOCTYPE html PUBLIC "-//W3C//DTD HTML 3.2 Final//EN"&gt;
&lt;!-- saved from url=(0021)http://brainfuck.org/ --&gt;
&lt;html&gt;&lt;head&gt;&lt;meta http-equiv="Content-Type" content="text/html; charset=windows-1252"&gt;&lt;title&gt;some brainfuck fluff&lt;/title&gt;&lt;meta name="description" content="Includes a complete language reference, plus my many brainfuck programs and some implementations and commentary."&gt;&lt;link rel="icon" href="http://brainfuck.org/favicon.ico"&gt;&lt;link rel="shortcut icon" href="http://brainfuck.org/favicon.ico"&gt;&lt;/head&gt;
&lt;body background="./some brainfuck fluff_files/col.png" bgcolor="#000000" link="#ff0000" text="#ffffff" vlink="#990000"&gt;
&lt;table&gt;&lt;tbody&gt;&lt;tr&gt;&lt;td height="55"&gt;&lt;/td&gt;&lt;/tr&gt;&lt;tr&gt;&lt;td width="60"&gt;&lt;/td&gt;&lt;td&gt;
&lt;h2&gt;some brainfuck fluff by &lt;a href="http://brainfuck.org/daniel.png"&gt;daniel b cristofani&lt;/a&gt;&lt;/h2&gt;
&lt;font size="+2"&gt;&lt;a href="http://brainfuck.org/brainfuck.html"&gt;Reference to the brainfuck language&lt;/a&gt;.&lt;/font&gt;
&lt;font size="-3"&gt;&lt;br&gt;&lt;br&gt;&lt;/font&gt;
Please read &lt;font size="+1"&gt;&lt;a href="http://brainfuck.org/epistle.html"&gt;the Epistle to the Implementors&lt;/a&gt;&lt;/font&gt; before implementing brainfuck,&lt;br&gt;and use &lt;a href="http://brainfuck.org/tests.b"&gt;these tests&lt;/a&gt; (or the equivalent) after.&lt;font size="-3"&gt;&lt;br&gt;&lt;br&gt;&lt;/font&gt;
&lt;font size="+1"&gt;&lt;a href="http://brainfuck.org/intermediate.html"&gt;Suggestions for intermediate brainfuck programmers.&lt;/a&gt;&lt;/font&gt;
&lt;font size="-3"&gt;&lt;br&gt;&lt;br&gt;&lt;/font&gt;
&lt;font size="+1"&gt;My brainfuck programs:&lt;/font&gt;&lt;br&gt;
(Note: I'm licensing all of these under a &lt;a href="http://creativecommons.org/licenses/by-sa/4.0/"&gt;Creative Commons Attribution-ShareAlike 4.0
International License&lt;/a&gt;. Haven't got around to putting that into all the individual files.)&lt;br&gt;
&lt;a href="http://brainfuck.org/bsort.b"&gt;bsort.b&lt;/a&gt;, a bubble sort program&lt;br&gt;
&lt;a href="http://brainfuck.org/collatz.b"&gt;collatz.b&lt;/a&gt;, a mathematical function&lt;br&gt;
&lt;a href="http://brainfuck.org/dbf2c.b"&gt;dbf2c.b&lt;/a&gt;, a brainfuck-to-C translator&lt;br&gt;
&lt;a href="http://brainfuck.org/dbfi.b"&gt;dbfi.b&lt;/a&gt;, a brainfuck interpreter&lt;br&gt;
&lt;a href="http://brainfuck.org/null.b"&gt;null.b&lt;/a&gt;, &lt;a href="http://brainfuck.org/392quine.b"&gt;392quine.b&lt;/a&gt;, &lt;a href="http://brainfuck.org/400quine.b"&gt;400quine.b&lt;/a&gt;, &lt;a href="http://brainfuck.org/dquine.b"&gt;dquine.b&lt;/a&gt;; quines (392 may be the shortest real one known)&lt;br&gt;
&lt;a href="http://brainfuck.org/dvorak.b"&gt;dvorak.b&lt;/a&gt;, a Dvorak filter for QWERTY keyboards&lt;br&gt;
&lt;a href="http://brainfuck.org/e.b"&gt;e.b&lt;/a&gt;, my monsterpiece, which computes the transcendental number e&lt;br&gt;
&lt;a href="http://brainfuck.org/factorial2.b"&gt;factorial2.b&lt;/a&gt;, which outputs arbitrarily many factorials much faster than &lt;a href="http://brainfuck.org/factorial.b"&gt;factorial.b&lt;/a&gt;&lt;br&gt;
&lt;a href="http://brainfuck.org/fib.b"&gt;fib.b&lt;/a&gt;, which outputs arbitrarily many Fibonacci numbers&lt;br&gt;
&lt;a href="http://brainfuck.org/golden.b"&gt;golden.b&lt;/a&gt;, which computes the "golden ratio"&lt;br&gt;
&lt;a href="http://brainfuck.org/head.b"&gt;head.b&lt;/a&gt;, which outputs ten lines of its input&lt;br&gt;
&lt;a href="http://brainfuck.org/impeccable.b"&gt;impeccable.b&lt;/a&gt;, which outputs a nice mathematical sequence&lt;br&gt;
&lt;a href="http://brainfuck.org/isort.b"&gt;isort.b&lt;/a&gt;, an insertion sort program&lt;br&gt;
&lt;a href="http://brainfuck.org/jabh.b"&gt;jabh.b&lt;/a&gt;, a borrowed Perl tradition&lt;br&gt;
&lt;a href="http://brainfuck.org/life.b"&gt;life.b&lt;/a&gt;, Conway's Game of Life&lt;br&gt;
&lt;a href="http://brainfuck.org/numwarp.b"&gt;numwarp.b&lt;/a&gt;, a number...obfuscator? Prettifier? (&lt;a href="http://brainfuck.org/numwarp.png"&gt;sample output&lt;/a&gt;)&lt;br&gt;
&lt;a href="http://brainfuck.org/qsort.b"&gt;qsort.b&lt;/a&gt;, a Quicksort program&lt;br&gt;
&lt;a href="http://brainfuck.org/random.b"&gt;random.b&lt;/a&gt;, a random number generator &lt;a href="http://brainfuck.org/random.txt"&gt;based on&lt;/a&gt; a cellular automaton&lt;br&gt;
&lt;a href="http://brainfuck.org/rot13.b"&gt;rot13.b&lt;/a&gt;, an unconcise, template-y rot13&lt;br&gt;
&lt;a href="http://brainfuck.org/short.b"&gt;short.b&lt;/a&gt;, an assortment of small programs&lt;br&gt;
&lt;a href="http://brainfuck.org/sierpinski.b"&gt;sierpinski.b&lt;/a&gt;, which outputs a Sierpinski triangle&lt;br&gt;
&lt;a href="http://brainfuck.org/squares.b"&gt;squares.b&lt;/a&gt;, which outputs square numbers from 0 to 10000&lt;br&gt;
&lt;a href="http://brainfuck.org/squares2.b"&gt;squares2.b&lt;/a&gt;, which outputs arbitrarily many squares&lt;br&gt;
&lt;a href="http://brainfuck.org/thuemorse.b"&gt;thuemorse.b&lt;/a&gt;, which outputs the Thue-Morse sequence&lt;br&gt;
&lt;a href="http://brainfuck.org/tictactoe.b"&gt;tictactoe.b&lt;/a&gt;, which plays tic-tac-toe&lt;br&gt;
&lt;a href="http://brainfuck.org/utm.b"&gt;utm.b&lt;/a&gt;, a universal Turing machine&lt;br&gt;
&lt;a href="http://brainfuck.org/wc.b"&gt;wc.b&lt;/a&gt;, the standard (line and) word (and character) count utility&lt;br&gt;
&lt;a href="http://brainfuck.org/xmastree.b"&gt;xmastree.b&lt;/a&gt;, which outputs an ASCII Christmas tree&lt;br&gt;
&lt;a href="http://brainfuck.org/notes_on_brainfuck_progs.txt"&gt;Brief explanatory comments on most of these programs&lt;/a&gt;&lt;br&gt;
&lt;a href="http://www.hevanet.com/cristofd/08.html"&gt;Draft&lt;/a&gt; of a paper about &lt;a href="http://brainfuck.org/dbfi.b"&gt;dbfi.b&lt;/a&gt;&lt;font size="-3"&gt;&lt;br&gt;&lt;/font&gt;&lt;br&gt;
&lt;font size="+1"&gt;My brainfuck implementations:&lt;/font&gt;&lt;br&gt;
A &lt;a href="http://brainfuck.org/qdb.c"&gt;quick and dirty interpreter&lt;/a&gt; in C, or 
&lt;a href="http://brainfuck.org/qdb.zip"&gt;as a Windows executable&lt;/a&gt; if you like&lt;br&gt;
A &lt;a href="http://brainfuck.org/sbi.c"&gt;clean and simple, but slow, interpreter&lt;/a&gt; in C&lt;br&gt;
The &lt;a href="http://brainfuck.org/bcci.c"&gt;fascist, score-computing interpreter used for BFCC&lt;/a&gt;&lt;br&gt;
&lt;a href="http://brainfuck.org/dbc.c"&gt;dbc.c&lt;/a&gt;, a compiler for Sun machines&lt;br&gt;
&lt;a href="http://brainfuck.org/di.html"&gt;di.html&lt;/a&gt;, a tiny slow-ish interpreter in JavaScript&lt;br&gt;
(made using &lt;a href="https://web.archive.org/web/20081226152221/http://justice.loyola.edu/~mcoffey/pr/5k/"&gt;this interpreter&lt;/a&gt; as a starting point)&lt;font size="-3"&gt;&lt;br&gt;&lt;/font&gt;&lt;br&gt;

&lt;font size="+1"&gt;Contest results:&lt;/font&gt;&lt;br&gt;
&lt;a href="http://brainfuck.org/results0.txt"&gt;The results&lt;/a&gt; of Brainfuck Golf contest 0 (text-to-brainfuck)&lt;br&gt;
&lt;a href="http://brainfuck.org/results1.txt"&gt;The results&lt;/a&gt; of Golf contest 1 (Von Neumann integers)&lt;br&gt;
&lt;a href="http://brainfuck.org/results2.txt"&gt;The results&lt;/a&gt; of Golf contest 2 (sort bytes)&lt;br&gt;
&lt;a href="http://brainfuck.org/collatz.b"&gt;The results&lt;/a&gt; of the Brainfuck Texas Holdem contest :/&lt;br&gt;
&lt;a href="http://brainfuck.org/bfcc1.txt"&gt;The results&lt;/a&gt; of Brainfuck Component Competition #1 (reverse bytes)&lt;br&gt;
&lt;a href="http://brainfuck.org/logical.txt"&gt;The results&lt;/a&gt; of the Logical Brainfuck Competition&lt;br&gt;
&lt;a href="http://brainfuck.org/golf3.html"&gt;The results&lt;/a&gt; of, I suppose, Golf contest 3? I won an &lt;a href="http://brainfuck.org/abacus_back.jpg"&gt;inscribed&lt;/a&gt; &lt;a href="http://brainfuck.org/abacus_front.jpg"&gt;abacus&lt;/a&gt;.&lt;font size="-3"&gt;&lt;br&gt;&lt;/font&gt;&lt;br&gt;

&lt;font size="+1"&gt;A few other pages:&lt;/font&gt;&lt;br&gt;
&lt;a href="http://www.iwriteiam.nl/Ha_BF.html"&gt;Frans Faase's page&lt;/a&gt;&lt;br&gt;
&lt;a href="http://www.muppetlabs.com/~breadbox/bf/"&gt;Brian Raiter's page&lt;/a&gt;&lt;br&gt;
&lt;a href="http://aminet.net/package.php?package=dev/lang/brainfuck-2.lha"&gt;Urban Mï¿½ller's canonical brainfuck distribution&lt;/a&gt;&lt;br&gt;
&lt;a href="http://esoteric.sange.fi/brainfuck/"&gt;The brainfuck archive&lt;/a&gt;, last updated some years ago&lt;br&gt;
&lt;br&gt;
Incidentally, feel free to email me at (my first name) (at) (this domain dot org), and I'll try to respond in a vaguely timely fashion (no promises).&lt;br&gt;
&lt;br&gt;
&lt;/td&gt;&lt;/tr&gt;&lt;/tbody&gt;&lt;/table&gt;

&lt;/body&gt;&lt;/html&gt;