Avoiding any form of plagiarism is in your own interest. If you plagiarize and it is unveiled at a later stage only, it will not only reflect badly on the university, but also on your image/career opportunities.